// Jest Snapshot v1, https://goo.gl/fbAQLP

exports[`Pages - NotFoundPage should render correctly NotFoundPage 1`] = `
<DocumentFragment>
  <section
    class="not-found"
  >
    <a
      class="home-link"
      href="/"
    >
      home
    </a>
    <img
      alt="page not found"
      src="404.gif"
    />
  </section>
</DocumentFragment>
`;
